// Vitest Snapshot v1, https://vitest.dev/guide/snapshot.html

exports[`CreateWalletModal Component > matches snapshot 1`] = `<div />`;
